
> alx_polly@0.1.0 test
> jest

node.exe : FAIL lib/__tests__/auth-actions.test.ts (5.835 s)
At C:\Program Files\nodejs\npm.ps1:29 char:3
+   & $NODE_EXE $NPM_CLI_JS $args
+   ~~~~~~~~~~~~~~~~~~~~~~~~~~~~~
    + CategoryInfo          : NotSpecified: (FAIL lib/__test 
   ...st.ts (5.835 s):String) [], RemoteException
    + FullyQualifiedErrorId : NativeCommandError
 
  ΓùÅ Console

    console.warn
      @supabase/ssr: createServerClient was configured 
without set and remove cookie methods, but the client needs 
to set cookies. This can lead to issues such as random 
logouts, early session termination or increased token 
refresh requests. If in NextJS, check your middleware.ts 
file, route handlers and server actions for correctness. 
Consider switching to the getAll and setAll cookie methods 
instead of get, set and remove which are deprecated and can 
be difficult to use correctly.

    [0m [90m 11 |[39m   [36mconst[39m supabase 
[33m=[39m createServerSupabaseClient()[33m;[39m
     [90m 12 |[39m
    [31m[1m>[22m[39m[90m 13 |[39m   [36mconst[39m { 
error } [33m=[39m [36mawait[39m 
supabase[33m.[39mauth[33m.[39msignUp({
     [90m    |[39m                     [31m[1m^[22m[39m
     [90m 14 |[39m     email[33m,[39m
     [90m 15 |[39m     password[33m,[39m
     [90m 16 |[39m     options[33m:[39m {[0m

      at setAll 
(node_modules/@supabase/ssr/src/cookies.ts:105:19)
      at applyServerStorage 
(node_modules/@supabase/ssr/src/cookies.ts:471:9)
      at Object.setItem 
(node_modules/@supabase/ssr/src/cookies.ts:364:11)
      at setItemAsync 
(node_modules/@supabase/auth-js/src/lib/helpers.ts:125:3)
      at getCodeChallengeAndMethod 
(node_modules/@supabase/auth-js/src/lib/helpers.ts:305:3)
      at SupabaseAuthClient.signUp 
(node_modules/@supabase/auth-js/src/GoTrueClient.ts:497:51)
      at signUp (lib/auth-actions.ts:13:21)
      at Object.<anonymous> 
(lib/__tests__/auth-actions.test.ts:36:7)

    console.warn
      WebCrypto API is not supported. Code challenge method 
will default to use plain instead of sha256.

    [0m [90m 11 |[39m   [36mconst[39m supabase 
[33m=[39m createServerSupabaseClient()[33m;[39m
     [90m 12 |[39m
    [31m[1m>[22m[39m[90m 13 |[39m   [36mconst[39m { 
error } [33m=[39m [36mawait[39m 
supabase[33m.[39mauth[33m.[39msignUp({
     [90m    |[39m                     [31m[1m^[22m[39m
     [90m 14 |[39m     email[33m,[39m
     [90m 15 |[39m     password[33m,[39m
     [90m 16 |[39m     options[33m:[39m {[0m

      at generatePKCEChallenge 
(node_modules/@supabase/auth-js/src/lib/helpers.ts:286:13)
      at getCodeChallengeAndMethod 
(node_modules/@supabase/auth-js/src/lib/helpers.ts:306:31)
      at SupabaseAuthClient.signUp 
(node_modules/@supabase/auth-js/src/GoTrueClient.ts:497:51)
      at signUp (lib/auth-actions.ts:13:21)
      at Object.<anonymous> 
(lib/__tests__/auth-actions.test.ts:36:7)

    console.error
      FetchError {
        message: 'request to http://localhost:54321/auth/v1/s
ignup?redirect_to=undefined%2Fauth%2Fcallback failed, 
reason: ',
        type: 'system',
        errno: 'ECONNREFUSED',
        code: 'ECONNREFUSED'
      }

    [0m [90m 11 |[39m   [36mconst[39m supabase 
[33m=[39m createServerSupabaseClient()[33m;[39m
     [90m 12 |[39m
    [31m[1m>[22m[39m[90m 13 |[39m   [36mconst[39m { 
error } [33m=[39m [36mawait[39m 
supabase[33m.[39mauth[33m.[39msignUp({
     [90m    |[39m                     [31m[1m^[22m[39m
     [90m 14 |[39m     email[33m,[39m
     [90m 15 |[39m     password[33m,[39m
     [90m 16 |[39m     options[33m:[39m {[0m

      at _handleRequest 
(node_modules/@supabase/auth-js/src/lib/fetch.ts:188:13)
      at _request 
(node_modules/@supabase/auth-js/src/lib/fetch.ts:157:16)
      at SupabaseAuthClient.signUp 
(node_modules/@supabase/auth-js/src/GoTrueClient.ts:502:15)
      at signUp (lib/auth-actions.ts:13:21)
      at Object.<anonymous> 
(lib/__tests__/auth-actions.test.ts:36:7)

    console.error
      Error signing up: AuthRetryableFetchError: request to h
ttp://localhost:54321/auth/v1/signup?redirect_to=undefined%2F
auth%2Fcallback failed, reason: 
          at _handleRequest (C:\Users\HP\OneDrive\Documents\t
rae_projects\alx_polly\node_modules\@supabase\auth-js\src\lib
\fetch.ts:191:11)
          at processTicksAndRejections 
(node:internal/process/task_queues:105:5)
          at _request (C:\Users\HP\OneDrive\Documents\trae_pr
ojects\alx_polly\node_modules\@supabase\auth-js\src\lib\fetch
.ts:157:16)
          at SupabaseAuthClient.signUp (C:\Users\HP\OneDrive\
Documents\trae_projects\alx_polly\node_modules\@supabase\auth
-js\src\GoTrueClient.ts:502:15)
          at signUp (C:\Users\HP\OneDrive\Documents\trae_proj
ects\alx_polly\lib\auth-actions.ts:13:21)
          at Object.<anonymous> (C:\Users\HP\OneDrive\Documen
ts\trae_projects\alx_polly\lib\__tests__\auth-actions.test.ts
:36:7) {
        __isAuthError: true,
        status: 0,
        code: undefined
      }

    [0m [90m 20 |[39m
     [90m 21 |[39m   [36mif[39m (error) {
    [31m[1m>[22m[39m[90m 22 |[39m     
console[33m.[39merror([32m'Error signing 
up:'[39m[33m,[39m error)[33m;[39m
     [90m    |[39m             [31m[1m^[22m[39m
     [90m 23 |[39m     [36mreturn[39m 
redirect([32m'/auth/signup?message=Could not authenticate 
user'[39m)[33m;[39m
     [90m 24 |[39m   }
     [90m 25 |[39m[0m

      at error (lib/auth-actions.ts:22:13)
      at Object.<anonymous> 
(lib/__tests__/auth-actions.test.ts:36:7)

    console.warn
      Multiple GoTrueClient instances detected in the same 
browser context. It is not an error, but this should be 
avoided as it may produce undefined behavior when used 
concurrently under the same storage key.

    [0m [90m  5 |[39m   [36mconst[39m cookieStore 
[33m=[39m cookies()[33m;[39m
     [90m  6 |[39m
    [31m[1m>[22m[39m[90m  7 |[39m   [36mreturn[39m 
createServerClient(
     [90m    |[39m                            
[31m[1m^[22m[39m
     [90m  8 |[39m     process[33m.[39menv[33m.[39m[33
mNEXT_PUBLIC_SUPABASE_URL[39m[33m![39m[33m,[39m
     [90m  9 |[39m     process[33m.[39menv[33m.[39m[33
mNEXT_PUBLIC_SUPABASE_ANON_KEY[39m[33m![39m[33m,[39m
     [90m 10 |[39m     {[0m

      at new GoTrueClient 
(node_modules/@supabase/auth-js/src/GoTrueClient.ts:235:15)
      at new SupabaseAuthClient (node_modules/@supabase/supab
ase-js/src/lib/SupabaseAuthClient.ts:6:5)
      at SupabaseClient._initSupabaseAuthClient (node_modules
/@supabase/supabase-js/src/SupabaseClient.ts:332:12)
      at new SupabaseClient (node_modules/@supabase/supabase-
js/src/SupabaseClient.ts:131:24)
      at createClient 
(node_modules/@supabase/supabase-js/src/index.ts:46:10)
      at createServerClient 
(node_modules/@supabase/ssr/src/createServerClient.ts:153:30)
      at createServerSupabaseClient 
(lib/supabase/server-client.ts:7:28)
      at signUp (lib/auth-actions.ts:11:46)
      at Object.<anonymous> 
(lib/__tests__/auth-actions.test.ts:55:19)

    console.warn
      @supabase/ssr: createServerClient was configured 
without set and remove cookie methods, but the client needs 
to set cookies. This can lead to issues such as random 
logouts, early session termination or increased token 
refresh requests. If in NextJS, check your middleware.ts 
file, route handlers and server actions for correctness. 
Consider switching to the getAll and setAll cookie methods 
instead of get, set and remove which are deprecated and can 
be difficult to use correctly.

    [0m [90m 11 |[39m   [36mconst[39m supabase 
[33m=[39m createServerSupabaseClient()[33m;[39m
     [90m 12 |[39m
    [31m[1m>[22m[39m[90m 13 |[39m   [36mconst[39m { 
error } [33m=[39m [36mawait[39m 
supabase[33m.[39mauth[33m.[39msignUp({
     [90m    |[39m                     [31m[1m^[22m[39m
     [90m 14 |[39m     email[33m,[39m
     [90m 15 |[39m     password[33m,[39m
     [90m 16 |[39m     options[33m:[39m {[0m

      at setAll 
(node_modules/@supabase/ssr/src/cookies.ts:105:19)
      at applyServerStorage 
(node_modules/@supabase/ssr/src/cookies.ts:471:9)
      at Object.setItem 
(node_modules/@supabase/ssr/src/cookies.ts:364:11)
      at setItemAsync 
(node_modules/@supabase/auth-js/src/lib/helpers.ts:125:3)
      at getCodeChallengeAndMethod 
(node_modules/@supabase/auth-js/src/lib/helpers.ts:305:3)
      at SupabaseAuthClient.signUp 
(node_modules/@supabase/auth-js/src/GoTrueClient.ts:497:51)
      at signUp (lib/auth-actions.ts:13:21)
      at Object.<anonymous> 
(lib/__tests__/auth-actions.test.ts:55:7)

    console.warn
      WebCrypto API is not supported. Code challenge method 
will default to use plain instead of sha256.

    [0m [90m 11 |[39m   [36mconst[39m supabase 
[33m=[39m createServerSupabaseClient()[33m;[39m
     [90m 12 |[39m
    [31m[1m>[22m[39m[90m 13 |[39m   [36mconst[39m { 
error } [33m=[39m [36mawait[39m 
supabase[33m.[39mauth[33m.[39msignUp({
     [90m    |[39m                     [31m[1m^[22m[39m
     [90m 14 |[39m     email[33m,[39m
     [90m 15 |[39m     password[33m,[39m
     [90m 16 |[39m     options[33m:[39m {[0m

      at generatePKCEChallenge 
(node_modules/@supabase/auth-js/src/lib/helpers.ts:286:13)
      at getCodeChallengeAndMethod 
(node_modules/@supabase/auth-js/src/lib/helpers.ts:306:31)
      at SupabaseAuthClient.signUp 
(node_modules/@supabase/auth-js/src/GoTrueClient.ts:497:51)
      at signUp (lib/auth-actions.ts:13:21)
      at Object.<anonymous> 
(lib/__tests__/auth-actions.test.ts:55:7)

    console.error
      FetchError {
        message: 'request to http://localhost:54321/auth/v1/s
ignup?redirect_to=undefined%2Fauth%2Fcallback failed, 
reason: ',
        type: 'system',
        errno: 'ECONNREFUSED',
        code: 'ECONNREFUSED'
      }

    [0m [90m 11 |[39m   [36mconst[39m supabase 
[33m=[39m createServerSupabaseClient()[33m;[39m
     [90m 12 |[39m
    [31m[1m>[22m[39m[90m 13 |[39m   [36mconst[39m { 
error } [33m=[39m [36mawait[39m 
supabase[33m.[39mauth[33m.[39msignUp({
     [90m    |[39m                     [31m[1m^[22m[39m
     [90m 14 |[39m     email[33m,[39m
     [90m 15 |[39m     password[33m,[39m
     [90m 16 |[39m     options[33m:[39m {[0m

      at _handleRequest 
(node_modules/@supabase/auth-js/src/lib/fetch.ts:188:13)
      at _request 
(node_modules/@supabase/auth-js/src/lib/fetch.ts:157:16)
      at SupabaseAuthClient.signUp 
(node_modules/@supabase/auth-js/src/GoTrueClient.ts:502:15)
      at signUp (lib/auth-actions.ts:13:21)
      at Object.<anonymous> 
(lib/__tests__/auth-actions.test.ts:55:7)

    console.error
      Error signing up: AuthRetryableFetchError: request to h
ttp://localhost:54321/auth/v1/signup?redirect_to=undefined%2F
auth%2Fcallback failed, reason: 
          at _handleRequest (C:\Users\HP\OneDrive\Documents\t
rae_projects\alx_polly\node_modules\@supabase\auth-js\src\lib
\fetch.ts:191:11)
          at processTicksAndRejections 
(node:internal/process/task_queues:105:5)
          at _request (C:\Users\HP\OneDrive\Documents\trae_pr
ojects\alx_polly\node_modules\@supabase\auth-js\src\lib\fetch
.ts:157:16)
          at SupabaseAuthClient.signUp (C:\Users\HP\OneDrive\
Documents\trae_projects\alx_polly\node_modules\@supabase\auth
-js\src\GoTrueClient.ts:502:15)
          at signUp (C:\Users\HP\OneDrive\Documents\trae_proj
ects\alx_polly\lib\auth-actions.ts:13:21)
          at Object.<anonymous> (C:\Users\HP\OneDrive\Documen
ts\trae_projects\alx_polly\lib\__tests__\auth-actions.test.ts
:55:7) {
        __isAuthError: true,
        status: 0,
        code: undefined
      }

    [0m [90m 20 |[39m
     [90m 21 |[39m   [36mif[39m (error) {
    [31m[1m>[22m[39m[90m 22 |[39m     
console[33m.[39merror([32m'Error signing 
up:'[39m[33m,[39m error)[33m;[39m
     [90m    |[39m             [31m[1m^[22m[39m
     [90m 23 |[39m     [36mreturn[39m 
redirect([32m'/auth/signup?message=Could not authenticate 
user'[39m)[33m;[39m
     [90m 24 |[39m   }
     [90m 25 |[39m[0m

      at error (lib/auth-actions.ts:22:13)
      at Object.<anonymous> 
(lib/__tests__/auth-actions.test.ts:55:7)

    console.warn
      Multiple GoTrueClient instances detected in the same 
browser context. It is not an error, but this should be 
avoided as it may produce undefined behavior when used 
concurrently under the same storage key.

    [0m [90m  5 |[39m   [36mconst[39m cookieStore 
[33m=[39m cookies()[33m;[39m
     [90m  6 |[39m
    [31m[1m>[22m[39m[90m  7 |[39m   [36mreturn[39m 
createServerClient(
     [90m    |[39m                            
[31m[1m^[22m[39m
     [90m  8 |[39m     process[33m.[39menv[33m.[39m[33
mNEXT_PUBLIC_SUPABASE_URL[39m[33m![39m[33m,[39m
     [90m  9 |[39m     process[33m.[39menv[33m.[39m[33
mNEXT_PUBLIC_SUPABASE_ANON_KEY[39m[33m![39m[33m,[39m
     [90m 10 |[39m     {[0m

      at new GoTrueClient 
(node_modules/@supabase/auth-js/src/GoTrueClient.ts:235:15)
      at new SupabaseAuthClient (node_modules/@supabase/supab
ase-js/src/lib/SupabaseAuthClient.ts:6:5)
      at SupabaseClient._initSupabaseAuthClient (node_modules
/@supabase/supabase-js/src/SupabaseClient.ts:332:12)
      at new SupabaseClient (node_modules/@supabase/supabase-
js/src/SupabaseClient.ts:131:24)
      at createClient 
(node_modules/@supabase/supabase-js/src/index.ts:46:10)
      at createServerClient 
(node_modules/@supabase/ssr/src/createServerClient.ts:153:30)
      at createServerSupabaseClient 
(lib/supabase/server-client.ts:7:28)
      at signIn (lib/auth-actions.ts:32:46)
      at Object.<anonymous> 
(lib/__tests__/auth-actions.test.ts:70:19)

    console.error
      FetchError {
        message: 'request to 
http://localhost:54321/auth/v1/token?grant_type=password 
failed, reason: ',
        type: 'system',
        errno: 'ECONNREFUSED',
        code: 'ECONNREFUSED'
      }

    [0m [90m 32 |[39m   [36mconst[39m supabase 
[33m=[39m createServerSupabaseClient()[33m;[39m
     [90m 33 |[39m
    [31m[1m>[22m[39m[90m 34 |[39m   [36mconst[39m { 
error } [33m=[39m [36mawait[39m 
supabase[33m.[39mauth[33m.[39msignInWithPassword({
     [90m    |[39m                     [31m[1m^[22m[39m
     [90m 35 |[39m     email[33m,[39m
     [90m 36 |[39m     password[33m,[39m
     [90m 37 |[39m   })[33m;[39m[0m

      at _handleRequest 
(node_modules/@supabase/auth-js/src/lib/fetch.ts:188:13)
      at _request 
(node_modules/@supabase/auth-js/src/lib/fetch.ts:157:16)
      at SupabaseAuthClient.signInWithPassword 
(node_modules/@supabase/auth-js/src/GoTrueClient.ts:573:15)
      at signIn (lib/auth-actions.ts:34:21)
      at Object.<anonymous> 
(lib/__tests__/auth-actions.test.ts:70:7)

    console.error
      Error signing in: AuthRetryableFetchError: request to 
http://localhost:54321/auth/v1/token?grant_type=password 
failed, reason: 
          at _handleRequest (C:\Users\HP\OneDrive\Documents\t
rae_projects\alx_polly\node_modules\@supabase\auth-js\src\lib
\fetch.ts:191:11)
          at processTicksAndRejections 
(node:internal/process/task_queues:105:5)
          at _request (C:\Users\HP\OneDrive\Documents\trae_pr
ojects\alx_polly\node_modules\@supabase\auth-js\src\lib\fetch
.ts:157:16)
          at SupabaseAuthClient.signInWithPassword (C:\Users\
HP\OneDrive\Documents\trae_projects\alx_polly\node_modules\@s
upabase\auth-js\src\GoTrueClient.ts:573:15)
          at signIn (C:\Users\HP\OneDrive\Documents\trae_proj
ects\alx_polly\lib\auth-actions.ts:34:21)
          at Object.<anonymous> (C:\Users\HP\OneDrive\Documen
ts\trae_projects\alx_polly\lib\__tests__\auth-actions.test.ts
:70:7) {
        __isAuthError: true,
        status: 0,
        code: undefined
      }

    [0m [90m 38 |[39m
     [90m 39 |[39m   [36mif[39m (error) {
    [31m[1m>[22m[39m[90m 40 |[39m     
console[33m.[39merror([32m'Error signing 
in:'[39m[33m,[39m error)[33m;[39m
     [90m    |[39m             [31m[1m^[22m[39m
     [90m 41 |[39m     [36mreturn[39m 
redirect([32m'/auth/login?message=Could not authenticate 
user'[39m)[33m;[39m
     [90m 42 |[39m   }
     [90m 43 |[39m[0m

      at error (lib/auth-actions.ts:40:13)
      at Object.<anonymous> 
(lib/__tests__/auth-actions.test.ts:70:7)

    console.warn
      Multiple GoTrueClient instances detected in the same 
browser context. It is not an error, but this should be 
avoided as it may produce undefined behavior when used 
concurrently under the same storage key.

    [0m [90m  5 |[39m   [36mconst[39m cookieStore 
[33m=[39m cookies()[33m;[39m
     [90m  6 |[39m
    [31m[1m>[22m[39m[90m  7 |[39m   [36mreturn[39m 
createServerClient(
     [90m    |[39m                            
[31m[1m^[22m[39m
     [90m  8 |[39m     process[33m.[39menv[33m.[39m[33
mNEXT_PUBLIC_SUPABASE_URL[39m[33m![39m[33m,[39m
     [90m  9 |[39m     process[33m.[39menv[33m.[39m[33
mNEXT_PUBLIC_SUPABASE_ANON_KEY[39m[33m![39m[33m,[39m
     [90m 10 |[39m     {[0m

      at new GoTrueClient 
(node_modules/@supabase/auth-js/src/GoTrueClient.ts:235:15)
      at new SupabaseAuthClient (node_modules/@supabase/supab
ase-js/src/lib/SupabaseAuthClient.ts:6:5)
      at SupabaseClient._initSupabaseAuthClient (node_modules
/@supabase/supabase-js/src/SupabaseClient.ts:332:12)
      at new SupabaseClient (node_modules/@supabase/supabase-
js/src/SupabaseClient.ts:131:24)
      at createClient 
(node_modules/@supabase/supabase-js/src/index.ts:46:10)
      at createServerClient 
(node_modules/@supabase/ssr/src/createServerClient.ts:153:30)
      at createServerSupabaseClient 
(lib/supabase/server-client.ts:7:28)
      at signIn (lib/auth-actions.ts:32:46)
      at Object.<anonymous> 
(lib/__tests__/auth-actions.test.ts:86:19)

    console.error
      FetchError {
        message: 'request to 
http://localhost:54321/auth/v1/token?grant_type=password 
failed, reason: ',
        type: 'system',
        errno: 'ECONNREFUSED',
        code: 'ECONNREFUSED'
      }

    [0m [90m 32 |[39m   [36mconst[39m supabase 
[33m=[39m createServerSupabaseClient()[33m;[39m
     [90m 33 |[39m
    [31m[1m>[22m[39m[90m 34 |[39m   [36mconst[39m { 
error } [33m=[39m [36mawait[39m 
supabase[33m.[39mauth[33m.[39msignInWithPassword({
     [90m    |[39m                     [31m[1m^[22m[39m
     [90m 35 |[39m     email[33m,[39m
     [90m 36 |[39m     password[33m,[39m
     [90m 37 |[39m   })[33m;[39m[0m

      at _handleRequest 
(node_modules/@supabase/auth-js/src/lib/fetch.ts:188:13)
      at _request 
(node_modules/@supabase/auth-js/src/lib/fetch.ts:157:16)
      at SupabaseAuthClient.signInWithPassword 
(node_modules/@supabase/auth-js/src/GoTrueClient.ts:573:15)
      at signIn (lib/auth-actions.ts:34:21)
      at Object.<anonymous> 
(lib/__tests__/auth-actions.test.ts:86:7)

    console.error
      Error signing in: AuthRetryableFetchError: request to 
http://localhost:54321/auth/v1/token?grant_type=password 
failed, reason: 
          at _handleRequest (C:\Users\HP\OneDrive\Documents\t
rae_projects\alx_polly\node_modules\@supabase\auth-js\src\lib
\fetch.ts:191:11)
          at processTicksAndRejections 
(node:internal/process/task_queues:105:5)
          at _request (C:\Users\HP\OneDrive\Documents\trae_pr
ojects\alx_polly\node_modules\@supabase\auth-js\src\lib\fetch
.ts:157:16)
          at SupabaseAuthClient.signInWithPassword (C:\Users\
HP\OneDrive\Documents\trae_projects\alx_polly\node_modules\@s
upabase\auth-js\src\GoTrueClient.ts:573:15)
          at signIn (C:\Users\HP\OneDrive\Documents\trae_proj
ects\alx_polly\lib\auth-actions.ts:34:21)
          at Object.<anonymous> (C:\Users\HP\OneDrive\Documen
ts\trae_projects\alx_polly\lib\__tests__\auth-actions.test.ts
:86:7) {
        __isAuthError: true,
        status: 0,
        code: undefined
      }

    [0m [90m 38 |[39m
     [90m 39 |[39m   [36mif[39m (error) {
    [31m[1m>[22m[39m[90m 40 |[39m     
console[33m.[39merror([32m'Error signing 
in:'[39m[33m,[39m error)[33m;[39m
     [90m    |[39m             [31m[1m^[22m[39m
     [90m 41 |[39m     [36mreturn[39m 
redirect([32m'/auth/login?message=Could not authenticate 
user'[39m)[33m;[39m
     [90m 42 |[39m   }
     [90m 43 |[39m[0m

      at error (lib/auth-actions.ts:40:13)
      at Object.<anonymous> 
(lib/__tests__/auth-actions.test.ts:86:7)

    console.warn
      Multiple GoTrueClient instances detected in the same 
browser context. It is not an error, but this should be 
avoided as it may produce undefined behavior when used 
concurrently under the same storage key.

    [0m [90m  5 |[39m   [36mconst[39m cookieStore 
[33m=[39m cookies()[33m;[39m
     [90m  6 |[39m
    [31m[1m>[22m[39m[90m  7 |[39m   [36mreturn[39m 
createServerClient(
     [90m    |[39m                            
[31m[1m^[22m[39m
     [90m  8 |[39m     process[33m.[39menv[33m.[39m[33
mNEXT_PUBLIC_SUPABASE_URL[39m[33m![39m[33m,[39m
     [90m  9 |[39m     process[33m.[39menv[33m.[39m[33
mNEXT_PUBLIC_SUPABASE_ANON_KEY[39m[33m![39m[33m,[39m
     [90m 10 |[39m     {[0m

      at new GoTrueClient 
(node_modules/@supabase/auth-js/src/GoTrueClient.ts:235:15)
      at new SupabaseAuthClient (node_modules/@supabase/supab
ase-js/src/lib/SupabaseAuthClient.ts:6:5)
      at SupabaseClient._initSupabaseAuthClient (node_modules
/@supabase/supabase-js/src/SupabaseClient.ts:332:12)
      at new SupabaseClient (node_modules/@supabase/supabase-
js/src/SupabaseClient.ts:131:24)
      at createClient 
(node_modules/@supabase/supabase-js/src/index.ts:46:10)
      at createServerClient 
(node_modules/@supabase/ssr/src/createServerClient.ts:153:30)
      at createServerSupabaseClient 
(lib/supabase/server-client.ts:7:28)
      at signOut (lib/auth-actions.ts:48:46)
      at Object.<anonymous> 
(lib/__tests__/auth-actions.test.ts:97:20)

    console.warn
      @supabase/ssr: createServerClient was configured 
without set and remove cookie methods, but the client needs 
to set cookies. This can lead to issues such as random 
logouts, early session termination or increased token 
refresh requests. If in NextJS, check your middleware.ts 
file, route handlers and server actions for correctness. 
Consider switching to the getAll and setAll cookie methods 
instead of get, set and remove which are deprecated and can 
be difficult to use correctly.

      at setAll 
(node_modules/@supabase/ssr/src/cookies.ts:105:19)
      at applyServerStorage 
(node_modules/@supabase/ssr/src/cookies.ts:471:9)
      at Object.callback 
(node_modules/@supabase/ssr/src/createServerClient.ts:193:7)
      at 
node_modules/@supabase/auth-js/src/GoTrueClient.ts:2370:11
          at async Promise.all (index 1)
      at SupabaseAuthClient._notifyAllSubscribers 
(node_modules/@supabase/auth-js/src/GoTrueClient.ts:2376:7)
      at SupabaseAuthClient._removeSession 
(node_modules/@supabase/auth-js/src/GoTrueClient.ts:2445:5)
      at 
node_modules/@supabase/auth-js/src/GoTrueClient.ts:1889:9
      at SupabaseAuthClient._useSession 
(node_modules/@supabase/auth-js/src/GoTrueClient.ts:1318:14)
      at SupabaseAuthClient._signOut 
(node_modules/@supabase/auth-js/src/GoTrueClient.ts:1867:12)
      at 
node_modules/@supabase/auth-js/src/GoTrueClient.ts:1860:14
      at 
node_modules/@supabase/auth-js/src/GoTrueClient.ts:1226:18

    console.warn
      Multiple GoTrueClient instances detected in the same 
browser context. It is not an error, but this should be 
avoided as it may produce undefined behavior when used 
concurrently under the same storage key.

    [0m [90m  5 |[39m   [36mconst[39m cookieStore 
[33m=[39m cookies()[33m;[39m
     [90m  6 |[39m
    [31m[1m>[22m[39m[90m  7 |[39m   [36mreturn[39m 
createServerClient(
     [90m    |[39m                            
[31m[1m^[22m[39m
     [90m  8 |[39m     process[33m.[39menv[33m.[39m[33
mNEXT_PUBLIC_SUPABASE_URL[39m[33m![39m[33m,[39m
     [90m  9 |[39m     process[33m.[39menv[33m.[39m[33
mNEXT_PUBLIC_SUPABASE_ANON_KEY[39m[33m![39m[33m,[39m
     [90m 10 |[39m     {[0m

      at new GoTrueClient 
(node_modules/@supabase/auth-js/src/GoTrueClient.ts:235:15)
      at new SupabaseAuthClient (node_modules/@supabase/supab
ase-js/src/lib/SupabaseAuthClient.ts:6:5)
      at SupabaseClient._initSupabaseAuthClient (node_modules
/@supabase/supabase-js/src/SupabaseClient.ts:332:12)
      at new SupabaseClient (node_modules/@supabase/supabase-
js/src/SupabaseClient.ts:131:24)
      at createClient 
(node_modules/@supabase/supabase-js/src/index.ts:46:10)
      at createServerClient 
(node_modules/@supabase/ssr/src/createServerClient.ts:153:30)
      at createServerSupabaseClient 
(lib/supabase/server-client.ts:7:28)
      at signOut (lib/auth-actions.ts:48:46)
      at Object.<anonymous> 
(lib/__tests__/auth-actions.test.ts:107:20)

    console.warn
      @supabase/ssr: createServerClient was configured 
without set and remove cookie methods, but the client needs 
to set cookies. This can lead to issues such as random 
logouts, early session termination or increased token 
refresh requests. If in NextJS, check your middleware.ts 
file, route handlers and server actions for correctness. 
Consider switching to the getAll and setAll cookie methods 
instead of get, set and remove which are deprecated and can 
be difficult to use correctly.

      at setAll 
(node_modules/@supabase/ssr/src/cookies.ts:105:19)
      at applyServerStorage 
(node_modules/@supabase/ssr/src/cookies.ts:471:9)
      at Object.callback 
(node_modules/@supabase/ssr/src/createServerClient.ts:193:7)
      at 
node_modules/@supabase/auth-js/src/GoTrueClient.ts:2370:11
          at async Promise.all (index 1)
      at SupabaseAuthClient._notifyAllSubscribers 
(node_modules/@supabase/auth-js/src/GoTrueClient.ts:2376:7)
      at SupabaseAuthClient._removeSession 
(node_modules/@supabase/auth-js/src/GoTrueClient.ts:2445:5)
      at 
node_modules/@supabase/auth-js/src/GoTrueClient.ts:1889:9
      at SupabaseAuthClient._useSession 
(node_modules/@supabase/auth-js/src/GoTrueClient.ts:1318:14)
      at SupabaseAuthClient._signOut 
(node_modules/@supabase/auth-js/src/GoTrueClient.ts:1867:12)
      at 
node_modules/@supabase/auth-js/src/GoTrueClient.ts:1860:14
      at 
node_modules/@supabase/auth-js/src/GoTrueClient.ts:1226:18

  ΓùÅ Auth Actions ΓÇ║ signUp ΓÇ║ should sign up a user and 
redirect to login on success

    expect(jest.fn()).toHaveBeenCalledWith(...expected)

    Expected: {"email": "test@example.com", "options": 
{"emailRedirectTo": "undefined/auth/callback"}, "password": 
"password123"}

    Number of calls: 0

    [0m [90m 36 |[39m       [36mawait[39m 
signUp(formData)[33m;[39m
     [90m 37 |[39m
    [31m[1m>[22m[39m[90m 38 |[39m       expect(mockSupa
baseClient[33m.[39mauth[33m.[39msignUp)[33m.[39mtoHaveB
eenCalledWith({
     [90m    |[39m                                         
     [31m[1m^[22m[39m
     [90m 39 |[39m         email[33m:[39m 
[32m'test@example.com'[39m[33m,[39m
     [90m 40 |[39m         password[33m:[39m 
[32m'password123'[39m[33m,[39m
     [90m 41 |[39m         options[33m:[39m {[0m

      at Object.toHaveBeenCalledWith 
(lib/__tests__/auth-actions.test.ts:38:46)

  ΓùÅ Auth Actions ΓÇ║ signUp ΓÇ║ should redirect to signup 
with error message on failure

    expect(jest.fn()).toHaveBeenCalledTimes(expected)

    Expected number of calls: 1
    Received number of calls: 0

    [0m [90m 55 |[39m       [36mawait[39m 
signUp(formData)[33m;[39m
     [90m 56 |[39m
    [31m[1m>[22m[39m[90m 57 |[39m       expect(mockSupa
baseClient[33m.[39mauth[33m.[39msignUp)[33m.[39mtoHaveB
eenCalledTimes([35m1[39m)[33m;[39m
     [90m    |[39m                                         
     [31m[1m^[22m[39m
     [90m 58 |[39m       expect(redirect)[33m.[39mtoHaveB
eenCalledWith([32m'/auth/signup?message=Could not 
authenticate user'[39m)[33m;[39m
     [90m 59 |[39m     })[33m;[39m
     [90m 60 |[39m   })[33m;[39m[0m

      at Object.toHaveBeenCalledTimes 
(lib/__tests__/auth-actions.test.ts:57:46)

  ΓùÅ Auth Actions ΓÇ║ signIn ΓÇ║ should sign in a user and 
redirect to polls on success

    expect(jest.fn()).toHaveBeenCalledWith(...expected)

    Expected: {"email": "test@example.com", "password": 
"password123"}

    Number of calls: 0

    [0m [90m 70 |[39m       [36mawait[39m 
signIn(formData)[33m;[39m
     [90m 71 |[39m
    [31m[1m>[22m[39m[90m 72 |[39m       expect(mockSupa
baseClient[33m.[39mauth[33m.[39msignInWithPassword)[33m.
[39mtoHaveBeenCalledWith({
     [90m    |[39m                                         
                 [31m[1m^[22m[39m
     [90m 73 |[39m         email[33m:[39m 
[32m'test@example.com'[39m[33m,[39m
     [90m 74 |[39m         password[33m:[39m 
[32m'password123'[39m[33m,[39m
     [90m 75 |[39m       })[33m;[39m[0m

      at Object.toHaveBeenCalledWith 
(lib/__tests__/auth-actions.test.ts:72:58)

  ΓùÅ Auth Actions ΓÇ║ signIn ΓÇ║ should redirect to login 
with error message on failure

    expect(jest.fn()).toHaveBeenCalledTimes(expected)

    Expected number of calls: 1
    Received number of calls: 0

    [0m [90m 86 |[39m       [36mawait[39m 
signIn(formData)[33m;[39m
     [90m 87 |[39m
    [31m[1m>[22m[39m[90m 88 |[39m       expect(mockSupa
baseClient[33m.[39mauth[33m.[39msignInWithPassword)[33m.
[39mtoHaveBeenCalledTimes([35m1[39m)[33m;[39m
     [90m    |[39m                                         
                 [31m[1m^[22m[39m
     [90m 89 |[39m       expect(redirect)[33m.[39mtoHaveB
eenCalledWith([32m'/auth/login?message=Could not 
authenticate user'[39m)[33m;[39m
     [90m 90 |[39m     })[33m;[39m
     [90m 91 |[39m   })[33m;[39m[0m

      at Object.toHaveBeenCalledTimes 
(lib/__tests__/auth-actions.test.ts:88:58)

  ΓùÅ Auth Actions ΓÇ║ signOut ΓÇ║ should sign out a user 
and redirect to login

    expect(jest.fn()).toHaveBeenCalledTimes(expected)

    Expected number of calls: 1
    Received number of calls: 0

    [0m [90m  97 |[39m       [36mawait[39m 
signOut()[33m;[39m
     [90m  98 |[39m
    [31m[1m>[22m[39m[90m  99 |[39m       expect(mockSup
abaseClient[33m.[39mauth[33m.[39msignOut)[33m.[39mtoHav
eBeenCalledTimes([35m1[39m)[33m;[39m
     [90m     |[39m                                        
       [31m[1m^[22m[39m
     [90m 100 |[39m       expect(redirect)[33m.[39mtoHave
BeenCalledWith([32m'/auth/login'[39m)[33m;[39m
     [90m 101 |[39m     })[33m;[39m
     [90m 102 |[39m[0m

      at Object.toHaveBeenCalledTimes 
(lib/__tests__/auth-actions.test.ts:99:47)

  ΓùÅ Auth Actions ΓÇ║ signOut ΓÇ║ should log error if 
signOut fails

    expect(jest.fn()).toHaveBeenCalledTimes(expected)

    Expected number of calls: 1
    Received number of calls: 0

    [0m [90m 107 |[39m       [36mawait[39m 
signOut()[33m;[39m
     [90m 108 |[39m
    [31m[1m>[22m[39m[90m 109 |[39m       expect(mockSup
abaseClient[33m.[39mauth[33m.[39msignOut)[33m.[39mtoHav
eBeenCalledTimes([35m1[39m)[33m;[39m
     [90m     |[39m                                        
       [31m[1m^[22m[39m
     [90m 110 |[39m       expect(consoleErrorSpy)[33m.[39
mtoHaveBeenCalledWith([32m'Error signing 
out:'[39m[33m,[39m { message[33m:[39m [32m'Sign out 
failed'[39m })[33m;[39m
     [90m 111 |[39m       expect(redirect)[33m.[39mtoHave
BeenCalledWith([32m'/auth/login'[39m)[33m;[39m
     [90m 112 |[39m[0m

      at Object.toHaveBeenCalledTimes 
(lib/__tests__/auth-actions.test.ts:109:47)

FAIL lib/__tests__/actions.test.ts
  ΓùÅ Test suite failed to run

    ReferenceError: Request is not defined

    [0m [90m 1 |[39m [32m'use server'[39m[33m;[39m
     [90m 2 |[39m
    [31m[1m>[22m[39m[90m 3 |[39m [36mimport[39m { 
revalidatePath } [36mfrom[39m 
[32m'next/cache'[39m[33m;[39m
     [90m   |[39m [31m[1m^[22m[39m
     [90m 4 |[39m [36mimport[39m { redirect } 
[36mfrom[39m [32m'next/navigation'[39m[33m;[39m
     [90m 5 |[39m [36mimport[39m { 
createServerSupabaseClient } [36mfrom[39m 
[32m'./supabase/server-client'[39m[33m;[39m
     [90m 6 |[39m[0m

      at Object.Request (node_modules/next/src/server/web/spe
c-extension/request.ts:14:34)
      at Object.<anonymous> (node_modules/next/dist/server/we
b/spec-extension/adapters/next-request.js:37:18)
      at Object.<anonymous> 
(node_modules/next/dist/server/pipe-readable.js:23:22)
      at Object.<anonymous> 
(node_modules/next/dist/server/render-result.js:12:23)
      at Object.<anonymous> 
(node_modules/next/dist/server/response-cache/utils.js:28:62)
      at Object.<anonymous> 
(node_modules/next/dist/server/response-cache/index.js:14:16)
      at Object.<anonymous> 
(node_modules/next/dist/server/lib/patch-fetch.js:42:24)
      at Object.<anonymous> (node_modules/next/dist/server/we
b/spec-extension/unstable-cache.js:12:21)
      at Object.<anonymous> (node_modules/next/cache.js:2:19)
      at Object.require (lib/actions.ts:3:1)
      at Object.require (lib/__tests__/actions.test.ts:1:1)

FAIL app/polls/__tests__/page.test.tsx (6.199 s)
  ΓùÅ Polls Page ΓÇ║ should redirect to login if user is not 
authenticated

    expect(jest.fn()).toHaveBeenCalledWith(...expected)

    Expected: "/auth/login"

    Number of calls: 0

    [0m [90m 37 |[39m     [36mawait[39m 
[33mPollsPage[39m()[33m;[39m
     [90m 38 |[39m
    [31m[1m>[22m[39m[90m 39 |[39m     expect(redirect)
[33m.[39mtoHaveBeenCalledWith([32m'/auth/login'[39m)[33m;
[39m
     [90m    |[39m                      
[31m[1m^[22m[39m
     [90m 40 |[39m   })[33m;[39m
     [90m 41 |[39m
     [90m 42 |[39m   it([32m'should display polls if user 
is authenticated and polls exist'[39m[33m,[39m 
[36masync[39m () [33m=>[39m {[0m

      at Object.toHaveBeenCalledWith 
(app/polls/__tests__/page.test.tsx:39:22)

  ΓùÅ Polls Page ΓÇ║ should display polls if user is 
authenticated and polls exist

    TestingLibraryElementError: Unable to find an element 
with the text: Test Poll 1. This could be because the text 
is broken up by multiple elements. In this case, you can 
provide a function for your text matcher to make your 
matcher more flexible.

    Ignored nodes: comments, script, style
    [36m<body>[39m
      [36m<div>[39m
        [36m<div[39m
          [33mclass[39m=[32m"container mx-auto p-4"[39m
        [36m>[39m
          [36m<h1[39m
            [33mclass[39m=[32m"text-3xl font-bold 
mb-6"[39m
          [36m>[39m
            [0mMy Polls[0m
          [36m</h1>[39m
          [36m<div[39m
            [33mclass[39m=[32m"grid grid-cols-1 
md:grid-cols-2 lg:grid-cols-3 gap-4"[39m
          [36m/>[39m
        [36m</div>[39m
      [36m</div>[39m
    [36m</body>[39m

    [0m [90m 55 |[39m     render([36mawait[39m 
[33mPollsPage[39m())[33m;[39m
     [90m 56 |[39m
    [31m[1m>[22m[39m[90m 57 |[39m     
expect(screen[33m.[39mgetByText([32m'Test Poll 
1'[39m))[33m.[39mtoBeInTheDocument()[33m;[39m
     [90m    |[39m                   [31m[1m^[22m[39m
     [90m 58 |[39m     
expect(screen[33m.[39mgetByText([32m'Test Poll 
2'[39m))[33m.[39mtoBeInTheDocument()[33m;[39m
     [90m 59 |[39m   })[33m;[39m
     [90m 60 |[39m[0m

      at Object.getElementError 
(node_modules/@testing-library/dom/dist/config.js:37:19)
      at 
node_modules/@testing-library/dom/dist/query-helpers.js:76:38
      at 
node_modules/@testing-library/dom/dist/query-helpers.js:52:17
      at 
node_modules/@testing-library/dom/dist/query-helpers.js:95:19
      at Object.getByText 
(app/polls/__tests__/page.test.tsx:57:19)

  ΓùÅ Polls Page ΓÇ║ should display message if no polls exist

    TestingLibraryElementError: Unable to find an element 
with the text: No polls yet. Create one!. This could be 
because the text is broken up by multiple elements. In this 
case, you can provide a function for your text matcher to 
make your matcher more flexible.

    Ignored nodes: comments, script, style
    [36m<body>[39m
      [36m<div>[39m
        [36m<div[39m
          [33mclass[39m=[32m"container mx-auto p-4"[39m
        [36m>[39m
          [36m<h1[39m
            [33mclass[39m=[32m"text-3xl font-bold 
mb-6"[39m
          [36m>[39m
            [0mMy Polls[0m
          [36m</h1>[39m
          [36m<div[39m
            [33mclass[39m=[32m"grid grid-cols-1 
md:grid-cols-2 lg:grid-cols-3 gap-4"[39m
          [36m/>[39m
        [36m</div>[39m
      [36m</div>[39m
    [36m</body>[39m

    [0m [90m 70 |[39m     render([36mawait[39m 
[33mPollsPage[39m())[33m;[39m
     [90m 71 |[39m
    [31m[1m>[22m[39m[90m 72 |[39m     
expect(screen[33m.[39mgetByText([32m'No polls yet. Create 
one!'[39m))[33m.[39mtoBeInTheDocument()[33m;[39m
     [90m    |[39m                   [31m[1m^[22m[39m
     [90m 73 |[39m   })[33m;[39m
     [90m 74 |[39m
     [90m 75 |[39m   it([32m'should display error message 
if fetching polls fails'[39m[33m,[39m [36masync[39m () 
[33m=>[39m {[0m

      at Object.getElementError 
(node_modules/@testing-library/dom/dist/config.js:37:19)
      at 
node_modules/@testing-library/dom/dist/query-helpers.js:76:38
      at 
node_modules/@testing-library/dom/dist/query-helpers.js:52:17
      at 
node_modules/@testing-library/dom/dist/query-helpers.js:95:19
      at Object.getByText 
(app/polls/__tests__/page.test.tsx:72:19)

  ΓùÅ Polls Page ΓÇ║ should display error message if 
fetching polls fails

    TestingLibraryElementError: Unable to find an element 
with the text: Error fetching polls.. This could be because 
the text is broken up by multiple elements. In this case, 
you can provide a function for your text matcher to make 
your matcher more flexible.

    Ignored nodes: comments, script, style
    [36m<body>[39m
      [36m<div>[39m
        [36m<div[39m
          [33mclass[39m=[32m"container mx-auto p-4"[39m
        [36m>[39m
          [36m<h1[39m
            [33mclass[39m=[32m"text-3xl font-bold 
mb-6"[39m
          [36m>[39m
            [0mMy Polls[0m
          [36m</h1>[39m
          [36m<div[39m
            [33mclass[39m=[32m"grid grid-cols-1 
md:grid-cols-2 lg:grid-cols-3 gap-4"[39m
          [36m/>[39m
        [36m</div>[39m
      [36m</div>[39m
    [36m</body>[39m

    [0m [90m 84 |[39m     render([36mawait[39m 
[33mPollsPage[39m())[33m;[39m
     [90m 85 |[39m
    [31m[1m>[22m[39m[90m 86 |[39m     
expect(screen[33m.[39mgetByText([32m'Error fetching 
polls.'[39m))[33m.[39mtoBeInTheDocument()[33m;[39m
     [90m    |[39m                   [31m[1m^[22m[39m
     [90m 87 |[39m   })[33m;[39m
     [90m 88 |[39m })[33m;[39m[0m

      at Object.getElementError 
(node_modules/@testing-library/dom/dist/config.js:37:19)
      at 
node_modules/@testing-library/dom/dist/query-helpers.js:76:38
      at 
node_modules/@testing-library/dom/dist/query-helpers.js:52:17
      at 
node_modules/@testing-library/dom/dist/query-helpers.js:95:19
      at Object.getByText 
(app/polls/__tests__/page.test.tsx:86:19)

Test Suites: 3 failed, 3 total
Tests:       10 failed, 10 total
Snapshots:   0 total
Time:        13.923 s
Ran all test suites.
